// Jest Snapshot v1, https://goo.gl/fbAQLP

exports[`matches snapshot 1`] = `
<tr
  className="RuleRow RuleRow-active"
>
  <td
    className="RuleRow-name"
  />
  <td
    className="RuleRow-score"
  />
</tr>
`;
